// Jest Snapshot v1, https://goo.gl/fbAQLP

exports[`HomepageList renders correctly 1`] = `
<div>
  <div>
    Loading...
  </div>
</div>
`;
